// Jest Snapshot v1, https://goo.gl/fbAQLP

exports[`Тест класса Sprite Проверяю метод draw 1`] = `
Array [
  Object {
    "props": Object {
      "dHeight": 576,
      "dWidth": 2048,
      "dx": 100,
      "dy": 100,
      "img": <img
        src="/assets/background.png"
      />,
      "sHeight": 576,
      "sWidth": 2048,
      "sx": 0,
      "sy": 0,
    },
    "transform": Array [
      1,
      0,
      0,
      1,
      0,
      0,
    ],
    "type": "drawImage",
  },
]
`;
